.next/dev/types/validator.ts(96,39): error TS2307: Cannot find module '../../../src/app/(protected)/workspaces/[workspaceId]/subjects/[subjectId]/lectures/[lectureId]/quiz/page.js' or its corresponding type declarations.
.next/types/validator.ts(69,39): error TS2307: Cannot find module '../../src/app/(protected)/workspaces/[workspaceId]/board/page.js' or its corresponding type declarations.
src/app/(protected)/workspaces/[workspaceId]/subjects/[subjectId]/lectures/[lectureId]/page.tsx(78,11): error TS2451: Cannot redeclare block-scoped variable 'segmentStartRef'.
src/app/(protected)/workspaces/[workspaceId]/subjects/[subjectId]/lectures/[lectureId]/page.tsx(80,11): error TS2451: Cannot redeclare block-scoped variable 'segmentStartRef'.
